

================================================================
== Vitis HLS Report for 'dense_latency_ap_fixed_16_6_5_3_0_ap_fixed_37_17_5_3_0_config7_s'
================================================================
* Date:           Mon Feb  9 17:01:41 2026

* Version:        2024.1 (Build 5069499 on May 21 2024)
* Project:        myproject_prj
* Solution:       solution1 (Vivado IP Flow Target)
* Product family: artix7
* Target device:  xc7a15t-cpg236-1


================================================================
== Performance Estimates
================================================================
+ Timing: 
    * Summary: 
    +--------+---------+----------+------------+
    |  Clock |  Target | Estimated| Uncertainty|
    +--------+---------+----------+------------+
    |ap_clk  |  5.00 ns|  4.300 ns|     0.62 ns|
    +--------+---------+----------+------------+

+ Latency: 
    * Summary: 
    +---------+---------+-----------+-----------+-----+-----+---------+
    |  Latency (cycles) |   Latency (absolute)  |  Interval | Pipeline|
    |   min   |   max   |    min    |    max    | min | max |   Type  |
    +---------+---------+-----------+-----------+-----+-----+---------+
    |        5|        5|  25.000 ns|  25.000 ns|    1|    1|      yes|
    +---------+---------+-----------+-----------+-----+-----+---------+

    + Detail: 
        * Instance: 
        N/A

        * Loop: 
        N/A



================================================================
== Utilization Estimates
================================================================
* Summary: 
+-----------------+---------+-----+-------+-------+-----+
|       Name      | BRAM_18K| DSP |   FF  |  LUT  | URAM|
+-----------------+---------+-----+-------+-------+-----+
|DSP              |        -|    -|      -|      -|    -|
|Expression       |        -|    -|      0|   3392|    -|
|FIFO             |        -|    -|      -|      -|    -|
|Instance         |        -|  141|   9447|    282|    -|
|Memory           |        -|    -|      -|      -|    -|
|Multiplexer      |        -|    -|      0|    130|    -|
|Register         |        -|    -|   4972|     32|    -|
+-----------------+---------+-----+-------+-------+-----+
|Total            |        0|  141|  14419|   3836|    0|
+-----------------+---------+-----+-------+-------+-----+
|Available        |       50|   45|  20800|  10400|    0|
+-----------------+---------+-----+-------+-------+-----+
|Utilization (%)  |        0|  313|     69|     36|    0|
+-----------------+---------+-----+-------+-------+-----+

+ Detail: 
    * Instance: 
    +---------------------------+---------------------+---------+----+----+----+-----+
    |          Instance         |        Module       | BRAM_18K| DSP| FF | LUT| URAM|
    +---------------------------+---------------------+---------+----+----+----+-----+
    |mul_16s_10ns_26_2_0_U1190  |mul_16s_10ns_26_2_0  |        0|   1|  67|   2|    0|
    |mul_16s_10ns_26_2_0_U1194  |mul_16s_10ns_26_2_0  |        0|   1|  67|   2|    0|
    |mul_16s_10ns_26_2_0_U1204  |mul_16s_10ns_26_2_0  |        0|   1|  67|   2|    0|
    |mul_16s_10ns_26_2_0_U1216  |mul_16s_10ns_26_2_0  |        0|   1|  67|   2|    0|
    |mul_16s_10ns_26_2_0_U1219  |mul_16s_10ns_26_2_0  |        0|   1|  67|   2|    0|
    |mul_16s_10ns_26_2_0_U1237  |mul_16s_10ns_26_2_0  |        0|   1|  67|   2|    0|
    |mul_16s_10ns_26_2_0_U1245  |mul_16s_10ns_26_2_0  |        0|   1|  67|   2|    0|
    |mul_16s_10ns_26_2_0_U1250  |mul_16s_10ns_26_2_0  |        0|   1|  67|   2|    0|
    |mul_16s_10ns_26_2_0_U1251  |mul_16s_10ns_26_2_0  |        0|   1|  67|   2|    0|
    |mul_16s_10ns_26_2_0_U1254  |mul_16s_10ns_26_2_0  |        0|   1|  67|   2|    0|
    |mul_16s_10ns_26_2_0_U1257  |mul_16s_10ns_26_2_0  |        0|   1|  67|   2|    0|
    |mul_16s_10ns_26_2_0_U1260  |mul_16s_10ns_26_2_0  |        0|   1|  67|   2|    0|
    |mul_16s_10ns_26_2_0_U1264  |mul_16s_10ns_26_2_0  |        0|   1|  67|   2|    0|
    |mul_16s_10ns_26_2_0_U1276  |mul_16s_10ns_26_2_0  |        0|   1|  67|   2|    0|
    |mul_16s_10ns_26_2_0_U1283  |mul_16s_10ns_26_2_0  |        0|   1|  67|   2|    0|
    |mul_16s_10ns_26_2_0_U1296  |mul_16s_10ns_26_2_0  |        0|   1|  67|   2|    0|
    |mul_16s_10ns_26_2_0_U1299  |mul_16s_10ns_26_2_0  |        0|   1|  67|   2|    0|
    |mul_16s_10ns_26_2_0_U1303  |mul_16s_10ns_26_2_0  |        0|   1|  67|   2|    0|
    |mul_16s_10ns_26_2_0_U1307  |mul_16s_10ns_26_2_0  |        0|   1|  67|   2|    0|
    |mul_16s_10ns_26_2_0_U1311  |mul_16s_10ns_26_2_0  |        0|   1|  67|   2|    0|
    |mul_16s_10ns_26_2_0_U1312  |mul_16s_10ns_26_2_0  |        0|   1|  67|   2|    0|
    |mul_16s_10ns_26_2_0_U1313  |mul_16s_10ns_26_2_0  |        0|   1|  67|   2|    0|
    |mul_16s_10ns_26_2_0_U1318  |mul_16s_10ns_26_2_0  |        0|   1|  67|   2|    0|
    |mul_16s_10ns_26_2_0_U1322  |mul_16s_10ns_26_2_0  |        0|   1|  67|   2|    0|
    |mul_16s_10ns_26_2_0_U1323  |mul_16s_10ns_26_2_0  |        0|   1|  67|   2|    0|
    |mul_16s_10s_26_2_0_U1187   |mul_16s_10s_26_2_0   |        0|   1|  67|   2|    0|
    |mul_16s_10s_26_2_0_U1191   |mul_16s_10s_26_2_0   |        0|   1|  67|   2|    0|
    |mul_16s_10s_26_2_0_U1200   |mul_16s_10s_26_2_0   |        0|   1|  67|   2|    0|
    |mul_16s_10s_26_2_0_U1213   |mul_16s_10s_26_2_0   |        0|   1|  67|   2|    0|
    |mul_16s_10s_26_2_0_U1217   |mul_16s_10s_26_2_0   |        0|   1|  67|   2|    0|
    |mul_16s_10s_26_2_0_U1238   |mul_16s_10s_26_2_0   |        0|   1|  67|   2|    0|
    |mul_16s_10s_26_2_0_U1241   |mul_16s_10s_26_2_0   |        0|   1|  67|   2|    0|
    |mul_16s_10s_26_2_0_U1242   |mul_16s_10s_26_2_0   |        0|   1|  67|   2|    0|
    |mul_16s_10s_26_2_0_U1243   |mul_16s_10s_26_2_0   |        0|   1|  67|   2|    0|
    |mul_16s_10s_26_2_0_U1249   |mul_16s_10s_26_2_0   |        0|   1|  67|   2|    0|
    |mul_16s_10s_26_2_0_U1252   |mul_16s_10s_26_2_0   |        0|   1|  67|   2|    0|
    |mul_16s_10s_26_2_0_U1259   |mul_16s_10s_26_2_0   |        0|   1|  67|   2|    0|
    |mul_16s_10s_26_2_0_U1266   |mul_16s_10s_26_2_0   |        0|   1|  67|   2|    0|
    |mul_16s_10s_26_2_0_U1269   |mul_16s_10s_26_2_0   |        0|   1|  67|   2|    0|
    |mul_16s_10s_26_2_0_U1270   |mul_16s_10s_26_2_0   |        0|   1|  67|   2|    0|
    |mul_16s_10s_26_2_0_U1271   |mul_16s_10s_26_2_0   |        0|   1|  67|   2|    0|
    |mul_16s_10s_26_2_0_U1273   |mul_16s_10s_26_2_0   |        0|   1|  67|   2|    0|
    |mul_16s_10s_26_2_0_U1279   |mul_16s_10s_26_2_0   |        0|   1|  67|   2|    0|
    |mul_16s_10s_26_2_0_U1280   |mul_16s_10s_26_2_0   |        0|   1|  67|   2|    0|
    |mul_16s_10s_26_2_0_U1282   |mul_16s_10s_26_2_0   |        0|   1|  67|   2|    0|
    |mul_16s_10s_26_2_0_U1285   |mul_16s_10s_26_2_0   |        0|   1|  67|   2|    0|
    |mul_16s_10s_26_2_0_U1288   |mul_16s_10s_26_2_0   |        0|   1|  67|   2|    0|
    |mul_16s_10s_26_2_0_U1289   |mul_16s_10s_26_2_0   |        0|   1|  67|   2|    0|
    |mul_16s_10s_26_2_0_U1290   |mul_16s_10s_26_2_0   |        0|   1|  67|   2|    0|
    |mul_16s_10s_26_2_0_U1292   |mul_16s_10s_26_2_0   |        0|   1|  67|   2|    0|
    |mul_16s_10s_26_2_0_U1294   |mul_16s_10s_26_2_0   |        0|   1|  67|   2|    0|
    |mul_16s_10s_26_2_0_U1309   |mul_16s_10s_26_2_0   |        0|   1|  67|   2|    0|
    |mul_16s_10s_26_2_0_U1317   |mul_16s_10s_26_2_0   |        0|   1|  67|   2|    0|
    |mul_16s_11ns_26_2_0_U1197  |mul_16s_11ns_26_2_0  |        0|   1|  67|   2|    0|
    |mul_16s_11ns_26_2_0_U1201  |mul_16s_11ns_26_2_0  |        0|   1|  67|   2|    0|
    |mul_16s_11ns_26_2_0_U1210  |mul_16s_11ns_26_2_0  |        0|   1|  67|   2|    0|
    |mul_16s_11ns_26_2_0_U1228  |mul_16s_11ns_26_2_0  |        0|   1|  67|   2|    0|
    |mul_16s_11ns_26_2_0_U1231  |mul_16s_11ns_26_2_0  |        0|   1|  67|   2|    0|
    |mul_16s_11ns_26_2_0_U1235  |mul_16s_11ns_26_2_0  |        0|   1|  67|   2|    0|
    |mul_16s_11ns_26_2_0_U1236  |mul_16s_11ns_26_2_0  |        0|   1|  67|   2|    0|
    |mul_16s_11ns_26_2_0_U1244  |mul_16s_11ns_26_2_0  |        0|   1|  67|   2|    0|
    |mul_16s_11ns_26_2_0_U1248  |mul_16s_11ns_26_2_0  |        0|   1|  67|   2|    0|
    |mul_16s_11ns_26_2_0_U1298  |mul_16s_11ns_26_2_0  |        0|   1|  67|   2|    0|
    |mul_16s_11ns_26_2_0_U1306  |mul_16s_11ns_26_2_0  |        0|   1|  67|   2|    0|
    |mul_16s_11ns_26_2_0_U1314  |mul_16s_11ns_26_2_0  |        0|   1|  67|   2|    0|
    |mul_16s_11ns_26_2_0_U1324  |mul_16s_11ns_26_2_0  |        0|   1|  67|   2|    0|
    |mul_16s_11s_26_2_0_U1185   |mul_16s_11s_26_2_0   |        0|   1|  67|   2|    0|
    |mul_16s_11s_26_2_0_U1189   |mul_16s_11s_26_2_0   |        0|   1|  67|   2|    0|
    |mul_16s_11s_26_2_0_U1193   |mul_16s_11s_26_2_0   |        0|   1|  67|   2|    0|
    |mul_16s_11s_26_2_0_U1195   |mul_16s_11s_26_2_0   |        0|   1|  67|   2|    0|
    |mul_16s_11s_26_2_0_U1196   |mul_16s_11s_26_2_0   |        0|   1|  67|   2|    0|
    |mul_16s_11s_26_2_0_U1203   |mul_16s_11s_26_2_0   |        0|   1|  67|   2|    0|
    |mul_16s_11s_26_2_0_U1209   |mul_16s_11s_26_2_0   |        0|   1|  67|   2|    0|
    |mul_16s_11s_26_2_0_U1212   |mul_16s_11s_26_2_0   |        0|   1|  67|   2|    0|
    |mul_16s_11s_26_2_0_U1222   |mul_16s_11s_26_2_0   |        0|   1|  67|   2|    0|
    |mul_16s_11s_26_2_0_U1226   |mul_16s_11s_26_2_0   |        0|   1|  67|   2|    0|
    |mul_16s_11s_26_2_0_U1232   |mul_16s_11s_26_2_0   |        0|   1|  67|   2|    0|
    |mul_16s_11s_26_2_0_U1246   |mul_16s_11s_26_2_0   |        0|   1|  67|   2|    0|
    |mul_16s_11s_26_2_0_U1247   |mul_16s_11s_26_2_0   |        0|   1|  67|   2|    0|
    |mul_16s_11s_26_2_0_U1258   |mul_16s_11s_26_2_0   |        0|   1|  67|   2|    0|
    |mul_16s_11s_26_2_0_U1261   |mul_16s_11s_26_2_0   |        0|   1|  67|   2|    0|
    |mul_16s_11s_26_2_0_U1267   |mul_16s_11s_26_2_0   |        0|   1|  67|   2|    0|
    |mul_16s_11s_26_2_0_U1272   |mul_16s_11s_26_2_0   |        0|   1|  67|   2|    0|
    |mul_16s_11s_26_2_0_U1274   |mul_16s_11s_26_2_0   |        0|   1|  67|   2|    0|
    |mul_16s_11s_26_2_0_U1286   |mul_16s_11s_26_2_0   |        0|   1|  67|   2|    0|
    |mul_16s_11s_26_2_0_U1295   |mul_16s_11s_26_2_0   |        0|   1|  67|   2|    0|
    |mul_16s_11s_26_2_0_U1301   |mul_16s_11s_26_2_0   |        0|   1|  67|   2|    0|
    |mul_16s_11s_26_2_0_U1319   |mul_16s_11s_26_2_0   |        0|   1|  67|   2|    0|
    |mul_16s_11s_26_2_0_U1321   |mul_16s_11s_26_2_0   |        0|   1|  67|   2|    0|
    |mul_16s_12s_26_2_0_U1225   |mul_16s_12s_26_2_0   |        0|   1|  67|   2|    0|
    |mul_16s_12s_26_2_0_U1263   |mul_16s_12s_26_2_0   |        0|   1|  67|   2|    0|
    |mul_16s_12s_26_2_0_U1268   |mul_16s_12s_26_2_0   |        0|   1|  67|   2|    0|
    |mul_16s_12s_26_2_0_U1320   |mul_16s_12s_26_2_0   |        0|   1|  67|   2|    0|
    |mul_16s_5s_21_2_0_U1304    |mul_16s_5s_21_2_0    |        0|   1|  67|   2|    0|
    |mul_16s_6s_22_2_0_U1233    |mul_16s_6s_22_2_0    |        0|   1|  67|   2|    0|
    |mul_16s_6s_22_2_0_U1284    |mul_16s_6s_22_2_0    |        0|   1|  67|   2|    0|
    |mul_16s_7ns_23_2_0_U1208   |mul_16s_7ns_23_2_0   |        0|   1|  67|   2|    0|
    |mul_16s_7ns_23_2_0_U1218   |mul_16s_7ns_23_2_0   |        0|   1|  67|   2|    0|
    |mul_16s_7ns_23_2_0_U1316   |mul_16s_7ns_23_2_0   |        0|   1|  67|   2|    0|
    |mul_16s_7s_23_2_0_U1278    |mul_16s_7s_23_2_0    |        0|   1|  67|   2|    0|
    |mul_16s_7s_23_2_0_U1302    |mul_16s_7s_23_2_0    |        0|   1|  67|   2|    0|
    |mul_16s_8ns_24_2_0_U1198   |mul_16s_8ns_24_2_0   |        0|   1|  67|   2|    0|
    |mul_16s_8ns_24_2_0_U1281   |mul_16s_8ns_24_2_0   |        0|   1|  67|   2|    0|
    |mul_16s_8ns_24_2_0_U1287   |mul_16s_8ns_24_2_0   |        0|   1|  67|   2|    0|
    |mul_16s_8ns_24_2_0_U1325   |mul_16s_8ns_24_2_0   |        0|   1|  67|   2|    0|
    |mul_16s_8s_24_2_0_U1207    |mul_16s_8s_24_2_0    |        0|   1|  67|   2|    0|
    |mul_16s_8s_24_2_0_U1211    |mul_16s_8s_24_2_0    |        0|   1|  67|   2|    0|
    |mul_16s_8s_24_2_0_U1229    |mul_16s_8s_24_2_0    |        0|   1|  67|   2|    0|
    |mul_16s_8s_24_2_0_U1253    |mul_16s_8s_24_2_0    |        0|   1|  67|   2|    0|
    |mul_16s_8s_24_2_0_U1255    |mul_16s_8s_24_2_0    |        0|   1|  67|   2|    0|
    |mul_16s_8s_24_2_0_U1277    |mul_16s_8s_24_2_0    |        0|   1|  67|   2|    0|
    |mul_16s_9ns_25_2_0_U1186   |mul_16s_9ns_25_2_0   |        0|   1|  67|   2|    0|
    |mul_16s_9ns_25_2_0_U1188   |mul_16s_9ns_25_2_0   |        0|   1|  67|   2|    0|
    |mul_16s_9ns_25_2_0_U1192   |mul_16s_9ns_25_2_0   |        0|   1|  67|   2|    0|
    |mul_16s_9ns_25_2_0_U1199   |mul_16s_9ns_25_2_0   |        0|   1|  67|   2|    0|
    |mul_16s_9ns_25_2_0_U1206   |mul_16s_9ns_25_2_0   |        0|   1|  67|   2|    0|
    |mul_16s_9ns_25_2_0_U1214   |mul_16s_9ns_25_2_0   |        0|   1|  67|   2|    0|
    |mul_16s_9ns_25_2_0_U1230   |mul_16s_9ns_25_2_0   |        0|   1|  67|   2|    0|
    |mul_16s_9ns_25_2_0_U1234   |mul_16s_9ns_25_2_0   |        0|   1|  67|   2|    0|
    |mul_16s_9ns_25_2_0_U1240   |mul_16s_9ns_25_2_0   |        0|   1|  67|   2|    0|
    |mul_16s_9ns_25_2_0_U1256   |mul_16s_9ns_25_2_0   |        0|   1|  67|   2|    0|
    |mul_16s_9ns_25_2_0_U1262   |mul_16s_9ns_25_2_0   |        0|   1|  67|   2|    0|
    |mul_16s_9ns_25_2_0_U1291   |mul_16s_9ns_25_2_0   |        0|   1|  67|   2|    0|
    |mul_16s_9ns_25_2_0_U1305   |mul_16s_9ns_25_2_0   |        0|   1|  67|   2|    0|
    |mul_16s_9ns_25_2_0_U1308   |mul_16s_9ns_25_2_0   |        0|   1|  67|   2|    0|
    |mul_16s_9ns_25_2_0_U1315   |mul_16s_9ns_25_2_0   |        0|   1|  67|   2|    0|
    |mul_16s_9s_25_2_0_U1202    |mul_16s_9s_25_2_0    |        0|   1|  67|   2|    0|
    |mul_16s_9s_25_2_0_U1205    |mul_16s_9s_25_2_0    |        0|   1|  67|   2|    0|
    |mul_16s_9s_25_2_0_U1215    |mul_16s_9s_25_2_0    |        0|   1|  67|   2|    0|
    |mul_16s_9s_25_2_0_U1220    |mul_16s_9s_25_2_0    |        0|   1|  67|   2|    0|
    |mul_16s_9s_25_2_0_U1221    |mul_16s_9s_25_2_0    |        0|   1|  67|   2|    0|
    |mul_16s_9s_25_2_0_U1223    |mul_16s_9s_25_2_0    |        0|   1|  67|   2|    0|
    |mul_16s_9s_25_2_0_U1224    |mul_16s_9s_25_2_0    |        0|   1|  67|   2|    0|
    |mul_16s_9s_25_2_0_U1227    |mul_16s_9s_25_2_0    |        0|   1|  67|   2|    0|
    |mul_16s_9s_25_2_0_U1239    |mul_16s_9s_25_2_0    |        0|   1|  67|   2|    0|
    |mul_16s_9s_25_2_0_U1265    |mul_16s_9s_25_2_0    |        0|   1|  67|   2|    0|
    |mul_16s_9s_25_2_0_U1275    |mul_16s_9s_25_2_0    |        0|   1|  67|   2|    0|
    |mul_16s_9s_25_2_0_U1293    |mul_16s_9s_25_2_0    |        0|   1|  67|   2|    0|
    |mul_16s_9s_25_2_0_U1297    |mul_16s_9s_25_2_0    |        0|   1|  67|   2|    0|
    |mul_16s_9s_25_2_0_U1300    |mul_16s_9s_25_2_0    |        0|   1|  67|   2|    0|
    |mul_16s_9s_25_2_0_U1310    |mul_16s_9s_25_2_0    |        0|   1|  67|   2|    0|
    +---------------------------+---------------------+---------+----+----+----+-----+
    |Total                      |                     |        0| 141|9447| 282|    0|
    +---------------------------+---------------------+---------+----+----+----+-----+

    * DSP: 
    N/A

    * Memory: 
    N/A

    * FIFO: 
    N/A

    * Expression: 
    +---------------------------+----------+----+---+----+------------+------------+
    |       Variable Name       | Operation| DSP| FF| LUT| Bitwidth P0| Bitwidth P1|
    +---------------------------+----------+----+---+----+------------+------------+
    |add_ln58_1310_fu_75387_p2  |         +|   0|  0|  23|          16|          16|
    |add_ln58_1311_fu_75733_p2  |         +|   0|  0|  16|          16|          16|
    |add_ln58_1312_fu_75738_p2  |         +|   0|  0|  16|          16|          16|
    |add_ln58_1313_fu_75393_p2  |         +|   0|  0|  23|          16|          16|
    |add_ln58_1314_fu_75743_p2  |         +|   0|  0|  16|          16|          16|
    |add_ln58_1315_fu_76025_p2  |         +|   0|  0|  16|          16|          16|
    |add_ln58_1316_fu_75397_p2  |         +|   0|  0|  23|          16|          16|
    |add_ln58_1317_fu_75402_p2  |         +|   0|  0|  23|          16|          16|
    |add_ln58_1318_fu_75748_p2  |         +|   0|  0|  16|          16|          16|
    |add_ln58_1319_fu_75406_p2  |         +|   0|  0|  16|          16|          16|
    |add_ln58_1320_fu_74760_p2  |         +|   0|  0|  16|          16|           9|
    |add_ln58_1321_fu_74765_p2  |         +|   0|  0|  16|          16|          16|
    |add_ln58_1322_fu_75410_p2  |         +|   0|  0|  16|          16|          16|
    |add_ln58_1323_fu_75752_p2  |         +|   0|  0|  16|          16|          16|
    |add_ln58_1324_fu_76029_p2  |         +|   0|  0|  16|          16|          16|
    |add_ln58_1325_fu_75757_p2  |         +|   0|  0|  16|          16|          16|
    |add_ln58_1326_fu_75415_p2  |         +|   0|  0|  23|          16|          16|
    |add_ln58_1327_fu_75763_p2  |         +|   0|  0|  16|          16|          16|
    |add_ln58_1328_fu_75768_p2  |         +|   0|  0|  16|          16|          16|
    |add_ln58_1329_fu_75419_p2  |         +|   0|  0|  23|          16|          16|
    |add_ln58_1330_fu_75773_p2  |         +|   0|  0|  16|          16|          16|
    |add_ln58_1331_fu_76034_p2  |         +|   0|  0|  16|          16|          16|
    |add_ln58_1332_fu_75423_p2  |         +|   0|  0|  23|          16|          16|
    |add_ln58_1333_fu_75428_p2  |         +|   0|  0|  23|          16|          16|
    |add_ln58_1334_fu_75778_p2  |         +|   0|  0|  16|          16|          16|
    |add_ln58_1335_fu_75433_p2  |         +|   0|  0|  16|          16|          16|
    |add_ln58_1336_fu_74770_p2  |         +|   0|  0|  18|          11|          10|
    |add_ln58_1337_fu_74780_p2  |         +|   0|  0|  23|          16|          16|
    |add_ln58_1338_fu_75438_p2  |         +|   0|  0|  16|          16|          16|
    |add_ln58_1339_fu_75782_p2  |         +|   0|  0|  16|          16|          16|
    |add_ln58_1340_fu_76038_p2  |         +|   0|  0|  16|          16|          16|
    |add_ln58_1341_fu_75787_p2  |         +|   0|  0|  16|          16|          16|
    |add_ln58_1342_fu_75443_p2  |         +|   0|  0|  23|          16|          16|
    |add_ln58_1343_fu_75792_p2  |         +|   0|  0|  16|          16|          16|
    |add_ln58_1344_fu_75797_p2  |         +|   0|  0|  16|          16|          16|
    |add_ln58_1345_fu_75447_p2  |         +|   0|  0|  23|          16|          16|
    |add_ln58_1346_fu_75802_p2  |         +|   0|  0|  16|          16|          16|
    |add_ln58_1347_fu_76043_p2  |         +|   0|  0|  16|          16|          16|
    |add_ln58_1348_fu_75451_p2  |         +|   0|  0|  23|          16|          16|
    |add_ln58_1349_fu_75455_p2  |         +|   0|  0|  23|          16|          16|
    |add_ln58_1350_fu_75807_p2  |         +|   0|  0|  16|          16|          16|
    |add_ln58_1351_fu_75461_p2  |         +|   0|  0|  16|          16|          16|
    |add_ln58_1352_fu_74786_p2  |         +|   0|  0|  14|           7|           7|
    |add_ln58_1353_fu_74796_p2  |         +|   0|  0|  23|          16|          16|
    |add_ln58_1354_fu_75465_p2  |         +|   0|  0|  16|          16|          16|
    |add_ln58_1355_fu_75811_p2  |         +|   0|  0|  16|          16|          16|
    |add_ln58_1356_fu_76047_p2  |         +|   0|  0|  16|          16|          16|
    |add_ln58_1357_fu_75816_p2  |         +|   0|  0|  16|          16|          16|
    |add_ln58_1358_fu_75470_p2  |         +|   0|  0|  23|          16|          16|
    |add_ln58_1359_fu_75820_p2  |         +|   0|  0|  16|          16|          16|
    |add_ln58_1360_fu_75825_p2  |         +|   0|  0|  16|          16|          16|
    |add_ln58_1361_fu_75474_p2  |         +|   0|  0|  23|          16|          16|
    |add_ln58_1362_fu_75830_p2  |         +|   0|  0|  16|          16|          16|
    |add_ln58_1363_fu_76052_p2  |         +|   0|  0|  16|          16|          16|
    |add_ln58_1364_fu_75479_p2  |         +|   0|  0|  23|          16|          16|
    |add_ln58_1365_fu_75483_p2  |         +|   0|  0|  23|          16|          16|
    |add_ln58_1366_fu_75835_p2  |         +|   0|  0|  16|          16|          16|
    |add_ln58_1367_fu_75487_p2  |         +|   0|  0|  16|          16|          16|
    |add_ln58_1368_fu_74801_p2  |         +|   0|  0|  19|          12|           5|
    |add_ln58_1369_fu_74811_p2  |         +|   0|  0|  23|          16|          16|
    |add_ln58_1370_fu_75492_p2  |         +|   0|  0|  16|          16|          16|
    |add_ln58_1371_fu_75839_p2  |         +|   0|  0|  16|          16|          16|
    |add_ln58_1372_fu_76056_p2  |         +|   0|  0|  16|          16|          16|
    |add_ln58_1373_fu_75844_p2  |         +|   0|  0|  16|          16|          16|
    |add_ln58_1374_fu_75497_p2  |         +|   0|  0|  23|          16|          16|
    |add_ln58_1375_fu_75850_p2  |         +|   0|  0|  16|          16|          16|
    |add_ln58_1376_fu_75501_p2  |         +|   0|  0|  22|          15|          15|
    |add_ln58_1377_fu_75858_p2  |         +|   0|  0|  16|          16|          16|
    |add_ln58_1378_fu_75863_p2  |         +|   0|  0|  16|          16|          16|
    |add_ln58_1379_fu_76061_p2  |         +|   0|  0|  16|          16|          16|
    |add_ln58_1380_fu_75507_p2  |         +|   0|  0|  23|          16|          16|
    |add_ln58_1381_fu_75512_p2  |         +|   0|  0|  23|          16|          16|
    |add_ln58_1382_fu_75869_p2  |         +|   0|  0|  16|          16|          16|
    |add_ln58_1383_fu_75517_p2  |         +|   0|  0|  16|          16|          16|
    |add_ln58_1384_fu_74817_p2  |         +|   0|  0|  16|          16|           9|
    |add_ln58_1385_fu_74823_p2  |         +|   0|  0|  16|          16|          16|
    |add_ln58_1386_fu_75522_p2  |         +|   0|  0|  16|          16|          16|
    |add_ln58_1387_fu_75873_p2  |         +|   0|  0|  16|          16|          16|
    |add_ln58_1388_fu_76065_p2  |         +|   0|  0|  16|          16|          16|
    |add_ln58_1389_fu_75878_p2  |         +|   0|  0|  16|          16|          16|
    |add_ln58_1390_fu_75527_p2  |         +|   0|  0|  23|          16|          16|
    |add_ln58_1391_fu_75883_p2  |         +|   0|  0|  16|          16|          16|
    |add_ln58_1392_fu_75888_p2  |         +|   0|  0|  16|          16|          16|
    |add_ln58_1393_fu_75531_p2  |         +|   0|  0|  23|          16|          16|
    |add_ln58_1394_fu_75893_p2  |         +|   0|  0|  16|          16|          16|
    |add_ln58_1395_fu_76070_p2  |         +|   0|  0|  16|          16|          16|
    |add_ln58_1396_fu_75536_p2  |         +|   0|  0|  22|          15|          15|
    |add_ln58_1397_fu_75542_p2  |         +|   0|  0|  23|          16|          16|
    |add_ln58_1398_fu_75901_p2  |         +|   0|  0|  16|          16|          16|
    |add_ln58_1399_fu_75548_p2  |         +|   0|  0|  16|          16|          16|
    |add_ln58_1400_fu_74828_p2  |         +|   0|  0|  16|          16|           7|
    |add_ln58_1401_fu_74834_p2  |         +|   0|  0|  16|          16|          16|
    |add_ln58_1402_fu_75552_p2  |         +|   0|  0|  16|          16|          16|
    |add_ln58_1403_fu_75906_p2  |         +|   0|  0|  16|          16|          16|
    |add_ln58_1404_fu_76074_p2  |         +|   0|  0|  16|          16|          16|
    |add_ln58_1405_fu_75911_p2  |         +|   0|  0|  16|          16|          16|
    |add_ln58_1406_fu_75557_p2  |         +|   0|  0|  23|          16|          16|
    |add_ln58_1407_fu_75916_p2  |         +|   0|  0|  16|          16|          16|
    |add_ln58_1408_fu_75921_p2  |         +|   0|  0|  16|          16|          16|
    |add_ln58_1409_fu_75562_p2  |         +|   0|  0|  23|          16|          16|
    |add_ln58_1410_fu_75926_p2  |         +|   0|  0|  16|          16|          16|
    |add_ln58_1411_fu_76079_p2  |         +|   0|  0|  16|          16|          16|
    |add_ln58_1412_fu_75568_p2  |         +|   0|  0|  23|          16|          16|
    |add_ln58_1413_fu_75573_p2  |         +|   0|  0|  23|          16|          16|
    |add_ln58_1414_fu_75931_p2  |         +|   0|  0|  16|          16|          16|
    |add_ln58_1415_fu_75577_p2  |         +|   0|  0|  16|          16|          16|
    |add_ln58_1416_fu_74839_p2  |         +|   0|  0|  16|          16|          10|
    |add_ln58_1417_fu_74845_p2  |         +|   0|  0|  16|          16|          16|
    |add_ln58_1418_fu_75582_p2  |         +|   0|  0|  16|          16|          16|
    |add_ln58_1419_fu_75935_p2  |         +|   0|  0|  16|          16|          16|
    |add_ln58_1420_fu_76083_p2  |         +|   0|  0|  16|          16|          16|
    |add_ln58_1421_fu_75940_p2  |         +|   0|  0|  16|          16|          16|
    |add_ln58_1422_fu_75587_p2  |         +|   0|  0|  23|          16|          16|
    |add_ln58_1423_fu_75944_p2  |         +|   0|  0|  16|          16|          16|
    |add_ln58_1424_fu_75949_p2  |         +|   0|  0|  16|          16|          16|
    |add_ln58_1425_fu_75592_p2  |         +|   0|  0|  23|          16|          16|
    |add_ln58_1426_fu_75953_p2  |         +|   0|  0|  16|          16|          16|
    |add_ln58_1427_fu_76088_p2  |         +|   0|  0|  16|          16|          16|
    |add_ln58_1428_fu_75597_p2  |         +|   0|  0|  23|          16|          16|
    |add_ln58_1429_fu_75601_p2  |         +|   0|  0|  23|          16|          16|
    |add_ln58_1430_fu_75958_p2  |         +|   0|  0|  16|          16|          16|
    |add_ln58_1431_fu_75606_p2  |         +|   0|  0|  16|          16|          16|
    |add_ln58_1432_fu_74850_p2  |         +|   0|  0|  16|          16|           6|
    |add_ln58_1433_fu_74855_p2  |         +|   0|  0|  16|          16|          16|
    |add_ln58_1434_fu_75611_p2  |         +|   0|  0|  16|          16|          16|
    |add_ln58_1435_fu_75962_p2  |         +|   0|  0|  16|          16|          16|
    |add_ln58_1436_fu_76092_p2  |         +|   0|  0|  16|          16|          16|
    |add_ln58_1437_fu_75967_p2  |         +|   0|  0|  16|          16|          16|
    |add_ln58_1438_fu_75616_p2  |         +|   0|  0|  23|          16|          16|
    |add_ln58_1439_fu_75972_p2  |         +|   0|  0|  16|          16|          16|
    |add_ln58_1440_fu_75977_p2  |         +|   0|  0|  16|          16|          16|
    |add_ln58_1441_fu_75620_p2  |         +|   0|  0|  23|          16|          16|
    |add_ln58_1442_fu_75982_p2  |         +|   0|  0|  16|          16|          16|
    |add_ln58_1443_fu_76097_p2  |         +|   0|  0|  16|          16|          16|
    |add_ln58_1444_fu_75625_p2  |         +|   0|  0|  23|          16|          16|
    |add_ln58_1445_fu_75630_p2  |         +|   0|  0|  23|          16|          16|
    |add_ln58_1446_fu_75987_p2  |         +|   0|  0|  16|          16|          16|
    |add_ln58_1447_fu_75634_p2  |         +|   0|  0|  16|          16|          16|
    |add_ln58_1448_fu_74860_p2  |         +|   0|  0|  16|          16|           3|
    |add_ln58_1449_fu_74865_p2  |         +|   0|  0|  16|          16|          16|
    |add_ln58_1450_fu_75640_p2  |         +|   0|  0|  16|          16|          16|
    |add_ln58_1451_fu_75991_p2  |         +|   0|  0|  16|          16|          16|
    |add_ln58_1452_fu_76101_p2  |         +|   0|  0|  16|          16|          16|
    |add_ln58_1453_fu_75996_p2  |         +|   0|  0|  16|          16|          16|
    |add_ln58_1454_fu_75645_p2  |         +|   0|  0|  23|          16|          16|
    |add_ln58_1455_fu_76001_p2  |         +|   0|  0|  16|          16|          16|
    |add_ln58_1456_fu_76006_p2  |         +|   0|  0|  16|          16|          16|
    |add_ln58_1457_fu_75650_p2  |         +|   0|  0|  23|          16|          16|
    |add_ln58_1458_fu_76011_p2  |         +|   0|  0|  16|          16|          16|
    |add_ln58_1459_fu_76106_p2  |         +|   0|  0|  16|          16|          16|
    |add_ln58_1460_fu_75655_p2  |         +|   0|  0|  23|          16|          16|
    |add_ln58_1461_fu_75660_p2  |         +|   0|  0|  23|          16|          16|
    |add_ln58_1462_fu_76016_p2  |         +|   0|  0|  16|          16|          16|
    |add_ln58_1463_fu_75665_p2  |         +|   0|  0|  16|          16|          16|
    |add_ln58_1464_fu_74871_p2  |         +|   0|  0|  16|          16|          10|
    |add_ln58_1465_fu_74876_p2  |         +|   0|  0|  16|          16|          16|
    |add_ln58_1466_fu_75670_p2  |         +|   0|  0|  16|          16|          16|
    |add_ln58_1467_fu_76020_p2  |         +|   0|  0|  16|          16|          16|
    |add_ln58_1468_fu_76110_p2  |         +|   0|  0|  16|          16|          16|
    |add_ln58_fu_75729_p2       |         +|   0|  0|  16|          16|          16|
    |add_ln73_50_fu_74365_p2    |         +|   0|  0|  32|          25|          25|
    |add_ln73_51_fu_74413_p2    |         +|   0|  0|  33|          26|          26|
    |add_ln73_fu_73082_p2       |         +|   0|  0|  32|          25|          25|
    |sub_ln73_165_fu_74950_p2   |         -|   0|  0|  24|          24|          24|
    |sub_ln73_166_fu_74981_p2   |         -|   0|  0|  32|          25|          25|
    |sub_ln73_167_fu_75017_p2   |         -|   0|  0|  32|          25|          25|
    |sub_ln73_168_fu_73595_p2   |         -|   0|  0|  26|           1|          19|
    |sub_ln73_169_fu_72927_p2   |         -|   0|  0|  23|           1|          23|
    |sub_ln73_170_fu_72944_p2   |         -|   0|  0|  23|          23|          23|
    |sub_ln73_171_fu_73000_p2   |         -|   0|  0|  32|          25|          25|
    |sub_ln73_172_fu_73824_p2   |         -|   0|  0|  28|           1|          21|
    |sub_ln73_173_fu_73874_p2   |         -|   0|  0|  26|           1|          19|
    |sub_ln73_174_fu_73160_p2   |         -|   0|  0|  29|          22|          22|
    |sub_ln73_175_fu_73249_p2   |         -|   0|  0|  29|          22|          22|
    |sub_ln73_176_fu_73305_p2   |         -|   0|  0|  27|          20|          20|
    |sub_ln73_177_fu_73443_p2   |         -|   0|  0|  28|          21|          21|
    |sub_ln73_178_fu_73490_p2   |         -|   0|  0|  25|           1|          25|
    |sub_ln73_179_fu_73507_p2   |         -|   0|  0|  25|          25|          25|
    |sub_ln73_fu_74933_p2       |         -|   0|  0|  24|           1|          24|
    +---------------------------+----------+----+---+----+------------+------------+
    |Total                      |          |   0|  0|3392|        2854|        2913|
    +---------------------------+----------+----+---+----+------------+------------+

    * Multiplexer: 
    +-------------+----+-----------+-----+-----------+
    |     Name    | LUT| Input Size| Bits| Total Bits|
    +-------------+----+-----------+-----+-----------+
    |ap_return_0  |  13|          3|   37|        111|
    |ap_return_1  |  13|          3|   37|        111|
    |ap_return_2  |  13|          3|   37|        111|
    |ap_return_3  |  13|          3|   37|        111|
    |ap_return_4  |  13|          3|   37|        111|
    |ap_return_5  |  13|          3|   37|        111|
    |ap_return_6  |  13|          3|   37|        111|
    |ap_return_7  |  13|          3|   37|        111|
    |ap_return_8  |  13|          3|   37|        111|
    |ap_return_9  |  13|          3|   37|        111|
    +-------------+----+-----------+-----+-----------+
    |Total        | 130|         30|  370|       1110|
    +-------------+----+-----------+-----+-----------+

    * Register: 
    +------------------------------------------+----+----+-----+-----------+
    |                   Name                   | FF | LUT| Bits| Const Bits|
    +------------------------------------------+----+----+-----+-----------+
    |add_ln58_1310_reg_77597                   |  16|   0|   16|          0|
    |add_ln58_1311_reg_77847                   |  16|   0|   16|          0|
    |add_ln58_1313_reg_77602                   |  16|   0|   16|          0|
    |add_ln58_1314_reg_77852                   |  16|   0|   16|          0|
    |add_ln58_1316_reg_77607                   |  16|   0|   16|          0|
    |add_ln58_1317_reg_77612                   |  16|   0|   16|          0|
    |add_ln58_1321_reg_77382                   |  16|   0|   16|          0|
    |add_ln58_1322_reg_77617                   |  16|   0|   16|          0|
    |add_ln58_1323_reg_77857                   |  16|   0|   16|          0|
    |add_ln58_1326_reg_77622                   |  16|   0|   16|          0|
    |add_ln58_1327_reg_77862                   |  16|   0|   16|          0|
    |add_ln58_1329_reg_77627                   |  16|   0|   16|          0|
    |add_ln58_1330_reg_77867                   |  16|   0|   16|          0|
    |add_ln58_1332_reg_77632                   |  16|   0|   16|          0|
    |add_ln58_1333_reg_77637                   |  16|   0|   16|          0|
    |add_ln58_1337_reg_77387                   |  16|   0|   16|          0|
    |add_ln58_1338_reg_77642                   |  16|   0|   16|          0|
    |add_ln58_1339_reg_77872                   |  16|   0|   16|          0|
    |add_ln58_1342_reg_77647                   |  16|   0|   16|          0|
    |add_ln58_1343_reg_77877                   |  16|   0|   16|          0|
    |add_ln58_1345_reg_77652                   |  16|   0|   16|          0|
    |add_ln58_1346_reg_77882                   |  16|   0|   16|          0|
    |add_ln58_1348_reg_77657                   |  16|   0|   16|          0|
    |add_ln58_1349_reg_77662                   |  16|   0|   16|          0|
    |add_ln58_1353_reg_77392                   |  16|   0|   16|          0|
    |add_ln58_1354_reg_77667                   |  16|   0|   16|          0|
    |add_ln58_1355_reg_77887                   |  16|   0|   16|          0|
    |add_ln58_1358_reg_77672                   |  16|   0|   16|          0|
    |add_ln58_1359_reg_77892                   |  16|   0|   16|          0|
    |add_ln58_1361_reg_77677                   |  16|   0|   16|          0|
    |add_ln58_1362_reg_77897                   |  16|   0|   16|          0|
    |add_ln58_1364_reg_77682                   |  16|   0|   16|          0|
    |add_ln58_1365_reg_77687                   |  16|   0|   16|          0|
    |add_ln58_1369_reg_77397                   |  16|   0|   16|          0|
    |add_ln58_1370_reg_77692                   |  16|   0|   16|          0|
    |add_ln58_1371_reg_77902                   |  16|   0|   16|          0|
    |add_ln58_1374_reg_77697                   |  16|   0|   16|          0|
    |add_ln58_1375_reg_77907                   |  16|   0|   16|          0|
    |add_ln58_1376_reg_77702                   |  15|   0|   15|          0|
    |add_ln58_1378_reg_77912                   |  16|   0|   16|          0|
    |add_ln58_1380_reg_77707                   |  16|   0|   16|          0|
    |add_ln58_1381_reg_77712                   |  16|   0|   16|          0|
    |add_ln58_1385_reg_77402                   |  16|   0|   16|          0|
    |add_ln58_1386_reg_77717                   |  16|   0|   16|          0|
    |add_ln58_1387_reg_77917                   |  16|   0|   16|          0|
    |add_ln58_1390_reg_77722                   |  16|   0|   16|          0|
    |add_ln58_1391_reg_77922                   |  16|   0|   16|          0|
    |add_ln58_1393_reg_77727                   |  16|   0|   16|          0|
    |add_ln58_1394_reg_77927                   |  16|   0|   16|          0|
    |add_ln58_1396_reg_77732                   |  15|   0|   15|          0|
    |add_ln58_1397_reg_77737                   |  16|   0|   16|          0|
    |add_ln58_1401_reg_77407                   |  16|   0|   16|          0|
    |add_ln58_1402_reg_77742                   |  16|   0|   16|          0|
    |add_ln58_1403_reg_77932                   |  16|   0|   16|          0|
    |add_ln58_1406_reg_77747                   |  16|   0|   16|          0|
    |add_ln58_1407_reg_77937                   |  16|   0|   16|          0|
    |add_ln58_1409_reg_77752                   |  16|   0|   16|          0|
    |add_ln58_1410_reg_77942                   |  16|   0|   16|          0|
    |add_ln58_1412_reg_77757                   |  16|   0|   16|          0|
    |add_ln58_1413_reg_77762                   |  16|   0|   16|          0|
    |add_ln58_1417_reg_77412                   |  16|   0|   16|          0|
    |add_ln58_1418_reg_77767                   |  16|   0|   16|          0|
    |add_ln58_1419_reg_77947                   |  16|   0|   16|          0|
    |add_ln58_1422_reg_77772                   |  16|   0|   16|          0|
    |add_ln58_1423_reg_77952                   |  16|   0|   16|          0|
    |add_ln58_1425_reg_77777                   |  16|   0|   16|          0|
    |add_ln58_1426_reg_77957                   |  16|   0|   16|          0|
    |add_ln58_1428_reg_77782                   |  16|   0|   16|          0|
    |add_ln58_1429_reg_77787                   |  16|   0|   16|          0|
    |add_ln58_1433_reg_77417                   |  16|   0|   16|          0|
    |add_ln58_1434_reg_77792                   |  16|   0|   16|          0|
    |add_ln58_1435_reg_77962                   |  16|   0|   16|          0|
    |add_ln58_1438_reg_77797                   |  16|   0|   16|          0|
    |add_ln58_1439_reg_77967                   |  16|   0|   16|          0|
    |add_ln58_1441_reg_77802                   |  16|   0|   16|          0|
    |add_ln58_1442_reg_77972                   |  16|   0|   16|          0|
    |add_ln58_1444_reg_77807                   |  16|   0|   16|          0|
    |add_ln58_1445_reg_77812                   |  16|   0|   16|          0|
    |add_ln58_1449_reg_77422                   |  16|   0|   16|          0|
    |add_ln58_1450_reg_77817                   |  16|   0|   16|          0|
    |add_ln58_1451_reg_77977                   |  16|   0|   16|          0|
    |add_ln58_1454_reg_77822                   |  16|   0|   16|          0|
    |add_ln58_1455_reg_77982                   |  16|   0|   16|          0|
    |add_ln58_1457_reg_77827                   |  16|   0|   16|          0|
    |add_ln58_1458_reg_77987                   |  16|   0|   16|          0|
    |add_ln58_1460_reg_77832                   |  16|   0|   16|          0|
    |add_ln58_1461_reg_77837                   |  16|   0|   16|          0|
    |add_ln58_1465_reg_77427                   |  16|   0|   16|          0|
    |add_ln58_1466_reg_77842                   |  16|   0|   16|          0|
    |add_ln58_1467_reg_77992                   |  16|   0|   16|          0|
    |ap_ce_reg                                 |   1|   0|    1|          0|
    |ap_return_0_int_reg                       |  27|   0|   37|         10|
    |ap_return_1_int_reg                       |  27|   0|   37|         10|
    |ap_return_2_int_reg                       |  27|   0|   37|         10|
    |ap_return_3_int_reg                       |  27|   0|   37|         10|
    |ap_return_4_int_reg                       |  27|   0|   37|         10|
    |ap_return_5_int_reg                       |  27|   0|   37|         10|
    |ap_return_6_int_reg                       |  27|   0|   37|         10|
    |ap_return_7_int_reg                       |  27|   0|   37|         10|
    |ap_return_8_int_reg                       |  27|   0|   37|         10|
    |ap_return_9_int_reg                       |  27|   0|   37|         10|
    |data_0_val_int_reg                        |  16|   0|   16|          0|
    |data_0_val_read_reg_76412                 |  16|   0|   16|          0|
    |data_10_val_int_reg                       |  16|   0|   16|          0|
    |data_10_val_read_reg_76328                |  16|   0|   16|          0|
    |data_10_val_read_reg_76328_pp0_iter1_reg  |  16|   0|   16|          0|
    |data_11_val_int_reg                       |  16|   0|   16|          0|
    |data_11_val_read_reg_76322                |  16|   0|   16|          0|
    |data_12_val_int_reg                       |  16|   0|   16|          0|
    |data_12_val_read_reg_76312                |  16|   0|   16|          0|
    |data_13_val_int_reg                       |  16|   0|   16|          0|
    |data_13_val_read_reg_76303                |  16|   0|   16|          0|
    |data_14_val_int_reg                       |  16|   0|   16|          0|
    |data_15_val_int_reg                       |  16|   0|   16|          0|
    |data_15_val_read_reg_76295                |  16|   0|   16|          0|
    |data_1_val_int_reg                        |  16|   0|   16|          0|
    |data_1_val_read_reg_76405                 |  16|   0|   16|          0|
    |data_1_val_read_reg_76405_pp0_iter1_reg   |  16|   0|   16|          0|
    |data_2_val_int_reg                        |  16|   0|   16|          0|
    |data_2_val_read_reg_76397                 |  16|   0|   16|          0|
    |data_3_val_int_reg                        |  16|   0|   16|          0|
    |data_3_val_read_reg_76388                 |  16|   0|   16|          0|
    |data_4_val_int_reg                        |  16|   0|   16|          0|
    |data_4_val_read_reg_76380                 |  16|   0|   16|          0|
    |data_4_val_read_reg_76380_pp0_iter1_reg   |  16|   0|   16|          0|
    |data_5_val_int_reg                        |  16|   0|   16|          0|
    |data_5_val_read_reg_76372                 |  16|   0|   16|          0|
    |data_5_val_read_reg_76372_pp0_iter1_reg   |  16|   0|   16|          0|
    |data_6_val_int_reg                        |  16|   0|   16|          0|
    |data_6_val_read_reg_76363                 |  16|   0|   16|          0|
    |data_7_val_int_reg                        |  16|   0|   16|          0|
    |data_7_val_read_reg_76355                 |  16|   0|   16|          0|
    |data_8_val_int_reg                        |  16|   0|   16|          0|
    |data_8_val_read_reg_76348                 |  16|   0|   16|          0|
    |data_9_val_int_reg                        |  16|   0|   16|          0|
    |data_9_val_read_reg_76338                 |  16|   0|   16|          0|
    |sext_ln42_651_reg_76442                   |  26|   0|   26|          0|
    |trunc_ln42_100_reg_77182                  |  16|   0|   16|          0|
    |trunc_ln42_101_reg_77187                  |  16|   0|   16|          0|
    |trunc_ln42_102_reg_77192                  |  16|   0|   16|          0|
    |trunc_ln42_103_reg_77197                  |  16|   0|   16|          0|
    |trunc_ln42_104_reg_77202                  |  15|   0|   15|          0|
    |trunc_ln42_105_reg_77207                  |  16|   0|   16|          0|
    |trunc_ln42_106_reg_77212                  |  15|   0|   15|          0|
    |trunc_ln42_107_reg_77217                  |  16|   0|   16|          0|
    |trunc_ln42_108_reg_77222                  |  16|   0|   16|          0|
    |trunc_ln42_109_reg_77227                  |  16|   0|   16|          0|
    |trunc_ln42_10_reg_77487                   |  15|   0|   15|          0|
    |trunc_ln42_110_reg_77232                  |  16|   0|   16|          0|
    |trunc_ln42_111_reg_77237                  |  15|   0|   15|          0|
    |trunc_ln42_112_reg_77242                  |  16|   0|   16|          0|
    |trunc_ln42_113_reg_77247                  |  15|   0|   15|          0|
    |trunc_ln42_114_reg_77252                  |  15|   0|   15|          0|
    |trunc_ln42_115_reg_77257                  |  16|   0|   16|          0|
    |trunc_ln42_116_reg_77262                  |  16|   0|   16|          0|
    |trunc_ln42_117_reg_77267                  |  16|   0|   16|          0|
    |trunc_ln42_118_reg_77272                  |  15|   0|   15|          0|
    |trunc_ln42_119_reg_77277                  |  16|   0|   16|          0|
    |trunc_ln42_11_reg_76843                   |   9|   0|    9|          0|
    |trunc_ln42_11_reg_76843_pp0_iter3_reg     |   9|   0|    9|          0|
    |trunc_ln42_120_reg_77282                  |  15|   0|   15|          0|
    |trunc_ln42_121_reg_77287                  |  15|   0|   15|          0|
    |trunc_ln42_122_reg_76691                  |  12|   0|   12|          0|
    |trunc_ln42_122_reg_76691_pp0_iter2_reg    |  12|   0|   12|          0|
    |trunc_ln42_123_reg_77292                  |  16|   0|   16|          0|
    |trunc_ln42_124_reg_77297                  |  16|   0|   16|          0|
    |trunc_ln42_125_reg_77302                  |  16|   0|   16|          0|
    |trunc_ln42_126_reg_77307                  |  13|   0|   13|          0|
    |trunc_ln42_127_reg_77312                  |  14|   0|   14|          0|
    |trunc_ln42_128_reg_77317                  |  16|   0|   16|          0|
    |trunc_ln42_129_reg_77322                  |  16|   0|   16|          0|
    |trunc_ln42_12_reg_77492                   |  16|   0|   16|          0|
    |trunc_ln42_130_reg_77327                  |  15|   0|   15|          0|
    |trunc_ln42_131_reg_77332                  |  16|   0|   16|          0|
    |trunc_ln42_132_reg_77337                  |  16|   0|   16|          0|
    |trunc_ln42_133_reg_76717                  |  10|   0|   10|          0|
    |trunc_ln42_133_reg_76717_pp0_iter2_reg    |  10|   0|   10|          0|
    |trunc_ln42_134_reg_77342                  |  16|   0|   16|          0|
    |trunc_ln42_135_reg_77347                  |  12|   0|   12|          0|
    |trunc_ln42_136_reg_77352                  |  16|   0|   16|          0|
    |trunc_ln42_137_reg_77357                  |  15|   0|   15|          0|
    |trunc_ln42_138_reg_77362                  |  15|   0|   15|          0|
    |trunc_ln42_139_reg_76722                  |  16|   0|   16|          0|
    |trunc_ln42_13_reg_77497                   |  15|   0|   15|          0|
    |trunc_ln42_140_reg_77367                  |  16|   0|   16|          0|
    |trunc_ln42_141_reg_77372                  |  16|   0|   16|          0|
    |trunc_ln42_142_reg_76727                  |  15|   0|   15|          0|
    |trunc_ln42_143_reg_77377                  |  16|   0|   16|          0|
    |trunc_ln42_144_reg_76732                  |  16|   0|   16|          0|
    |trunc_ln42_145_reg_76737                  |  16|   0|   16|          0|
    |trunc_ln42_146_reg_76742                  |  16|   0|   16|          0|
    |trunc_ln42_147_reg_76747                  |  15|   0|   15|          0|
    |trunc_ln42_148_reg_76752                  |  13|   0|   13|          0|
    |trunc_ln42_149_reg_76757                  |  16|   0|   16|          0|
    |trunc_ln42_14_reg_77502                   |  16|   0|   16|          0|
    |trunc_ln42_150_reg_76762                  |  15|   0|   15|          0|
    |trunc_ln42_151_reg_76767                  |  16|   0|   16|          0|
    |trunc_ln42_152_reg_76772                  |  11|   0|   11|          0|
    |trunc_ln42_153_reg_76777                  |  16|   0|   16|          0|
    |trunc_ln42_154_reg_76782                  |  15|   0|   15|          0|
    |trunc_ln42_155_reg_76787                  |  15|   0|   15|          0|
    |trunc_ln42_156_reg_76792                  |  16|   0|   16|          0|
    |trunc_ln42_157_reg_76797                  |  16|   0|   16|          0|
    |trunc_ln42_158_reg_76802                  |  16|   0|   16|          0|
    |trunc_ln42_15_reg_77507                   |  16|   0|   16|          0|
    |trunc_ln42_16_reg_77512                   |  16|   0|   16|          0|
    |trunc_ln42_17_reg_77517                   |  16|   0|   16|          0|
    |trunc_ln42_18_reg_77522                   |  16|   0|   16|          0|
    |trunc_ln42_19_reg_76492                   |  13|   0|   13|          0|
    |trunc_ln42_19_reg_76492_pp0_iter2_reg     |  13|   0|   13|          0|
    |trunc_ln42_1_reg_77452                    |  14|   0|   14|          0|
    |trunc_ln42_20_reg_76848                   |  16|   0|   16|          0|
    |trunc_ln42_21_reg_76853                   |  16|   0|   16|          0|
    |trunc_ln42_22_reg_76858                   |  16|   0|   16|          0|
    |trunc_ln42_23_reg_76863                   |  16|   0|   16|          0|
    |trunc_ln42_24_reg_76868                   |  16|   0|   16|          0|
    |trunc_ln42_25_reg_76873                   |  16|   0|   16|          0|
    |trunc_ln42_26_reg_76878                   |  15|   0|   15|          0|
    |trunc_ln42_27_reg_76883                   |  16|   0|   16|          0|
    |trunc_ln42_28_reg_76888                   |  16|   0|   16|          0|
    |trunc_ln42_29_reg_76893                   |  15|   0|   15|          0|
    |trunc_ln42_2_reg_77442                    |  16|   0|   16|          0|
    |trunc_ln42_30_reg_76898                   |  16|   0|   16|          0|
    |trunc_ln42_31_reg_76903                   |  16|   0|   16|          0|
    |trunc_ln42_32_reg_76908                   |  16|   0|   16|          0|
    |trunc_ln42_33_reg_76913                   |  16|   0|   16|          0|
    |trunc_ln42_34_reg_76918                   |  16|   0|   16|          0|
    |trunc_ln42_35_reg_76518                   |  15|   0|   15|          0|
    |trunc_ln42_35_reg_76518_pp0_iter2_reg     |  15|   0|   15|          0|
    |trunc_ln42_36_reg_76923                   |  16|   0|   16|          0|
    |trunc_ln42_37_reg_76928                   |  16|   0|   16|          0|
    |trunc_ln42_38_reg_76933                   |  14|   0|   14|          0|
    |trunc_ln42_39_reg_77527                   |  15|   0|   15|          0|
    |trunc_ln42_3_reg_77447                    |  16|   0|   16|          0|
    |trunc_ln42_40_reg_76422                   |  10|   0|   10|          0|
    |trunc_ln42_40_reg_76422_pp0_iter1_reg     |  10|   0|   10|          0|
    |trunc_ln42_41_reg_77532                   |  15|   0|   15|          0|
    |trunc_ln42_42_reg_77537                   |  14|   0|   14|          0|
    |trunc_ln42_43_reg_76427                   |  15|   0|   15|          0|
    |trunc_ln42_43_reg_76427_pp0_iter1_reg     |  15|   0|   15|          0|
    |trunc_ln42_44_reg_76957                   |  11|   0|   11|          0|
    |trunc_ln42_44_reg_76957_pp0_iter3_reg     |  11|   0|   11|          0|
    |trunc_ln42_45_reg_77542                   |  16|   0|   16|          0|
    |trunc_ln42_46_reg_77547                   |  16|   0|   16|          0|
    |trunc_ln42_47_reg_77552                   |  16|   0|   16|          0|
    |trunc_ln42_48_reg_77557                   |  16|   0|   16|          0|
    |trunc_ln42_49_reg_77562                   |  16|   0|   16|          0|
    |trunc_ln42_4_reg_77457                    |  15|   0|   15|          0|
    |trunc_ln42_50_reg_77567                   |  16|   0|   16|          0|
    |trunc_ln42_51_reg_77572                   |  16|   0|   16|          0|
    |trunc_ln42_52_reg_77577                   |  16|   0|   16|          0|
    |trunc_ln42_53_reg_76977                   |  14|   0|   14|          0|
    |trunc_ln42_54_reg_77582                   |  16|   0|   16|          0|
    |trunc_ln42_55_reg_77587                   |  15|   0|   15|          0|
    |trunc_ln42_56_reg_77592                   |  16|   0|   16|          0|
    |trunc_ln42_57_reg_76982                   |   9|   0|    9|          0|
    |trunc_ln42_57_reg_76982_pp0_iter3_reg     |   9|   0|    9|          0|
    |trunc_ln42_58_reg_76987                   |  14|   0|   14|          0|
    |trunc_ln42_58_reg_76987_pp0_iter3_reg     |  14|   0|   14|          0|
    |trunc_ln42_59_reg_76992                   |  16|   0|   16|          0|
    |trunc_ln42_5_reg_77462                    |  11|   0|   11|          0|
    |trunc_ln42_60_reg_76997                   |  15|   0|   15|          0|
    |trunc_ln42_60_reg_76997_pp0_iter3_reg     |  15|   0|   15|          0|
    |trunc_ln42_61_reg_76432                   |   6|   0|    6|          0|
    |trunc_ln42_61_reg_76432_pp0_iter1_reg     |   6|   0|    6|          0|
    |trunc_ln42_62_reg_77002                   |  14|   0|   14|          0|
    |trunc_ln42_63_reg_77007                   |  14|   0|   14|          0|
    |trunc_ln42_64_reg_77012                   |  16|   0|   16|          0|
    |trunc_ln42_65_reg_77017                   |  12|   0|   12|          0|
    |trunc_ln42_66_reg_77022                   |  15|   0|   15|          0|
    |trunc_ln42_67_reg_77027                   |  16|   0|   16|          0|
    |trunc_ln42_68_reg_77032                   |  13|   0|   13|          0|
    |trunc_ln42_69_reg_77037                   |  16|   0|   16|          0|
    |trunc_ln42_6_reg_77472                    |  15|   0|   15|          0|
    |trunc_ln42_70_reg_77042                   |  16|   0|   16|          0|
    |trunc_ln42_71_reg_77047                   |  16|   0|   16|          0|
    |trunc_ln42_72_reg_77052                   |  16|   0|   16|          0|
    |trunc_ln42_73_reg_77057                   |  16|   0|   16|          0|
    |trunc_ln42_73_reg_77057_pp0_iter3_reg     |  16|   0|   16|          0|
    |trunc_ln42_74_reg_76575                   |  15|   0|   15|          0|
    |trunc_ln42_74_reg_76575_pp0_iter2_reg     |  15|   0|   15|          0|
    |trunc_ln42_75_reg_77062                   |  15|   0|   15|          0|
    |trunc_ln42_76_reg_77067                   |  16|   0|   16|          0|
    |trunc_ln42_77_reg_77072                   |  15|   0|   15|          0|
    |trunc_ln42_78_reg_77077                   |  16|   0|   16|          0|
    |trunc_ln42_79_reg_77082                   |  16|   0|   16|          0|
    |trunc_ln42_7_reg_77467                    |  16|   0|   16|          0|
    |trunc_ln42_80_reg_77087                   |  16|   0|   16|          0|
    |trunc_ln42_81_reg_77092                   |  16|   0|   16|          0|
    |trunc_ln42_82_reg_77097                   |  16|   0|   16|          0|
    |trunc_ln42_83_reg_77102                   |  15|   0|   15|          0|
    |trunc_ln42_83_reg_77102_pp0_iter3_reg     |  15|   0|   15|          0|
    |trunc_ln42_84_reg_77107                   |  14|   0|   14|          0|
    |trunc_ln42_85_reg_77112                   |  16|   0|   16|          0|
    |trunc_ln42_86_reg_77117                   |  16|   0|   16|          0|
    |trunc_ln42_87_reg_77122                   |  15|   0|   15|          0|
    |trunc_ln42_88_reg_77127                   |  16|   0|   16|          0|
    |trunc_ln42_89_reg_77132                   |  13|   0|   13|          0|
    |trunc_ln42_8_reg_77477                    |  15|   0|   15|          0|
    |trunc_ln42_90_reg_77137                   |  13|   0|   13|          0|
    |trunc_ln42_91_reg_77142                   |  16|   0|   16|          0|
    |trunc_ln42_92_reg_77147                   |  16|   0|   16|          0|
    |trunc_ln42_93_reg_77152                   |  14|   0|   14|          0|
    |trunc_ln42_94_reg_76627                   |  12|   0|   12|          0|
    |trunc_ln42_94_reg_76627_pp0_iter2_reg     |  12|   0|   12|          0|
    |trunc_ln42_95_reg_77157                   |  14|   0|   14|          0|
    |trunc_ln42_96_reg_77162                   |  16|   0|   16|          0|
    |trunc_ln42_97_reg_77167                   |  16|   0|   16|          0|
    |trunc_ln42_98_reg_77172                   |  15|   0|   15|          0|
    |trunc_ln42_99_reg_77177                   |  16|   0|   16|          0|
    |trunc_ln42_9_reg_77482                    |  16|   0|   16|          0|
    |trunc_ln42_s_reg_77437                    |  15|   0|   15|          0|
    |trunc_ln_reg_77432                        |  16|   0|   16|          0|
    |data_0_val_read_reg_76412                 |  64|  32|   16|          0|
    +------------------------------------------+----+----+-----+-----------+
    |Total                                     |4972|  32| 5024|        100|
    +------------------------------------------+----+----+-----+-----------+



================================================================
== Interface
================================================================
* Summary: 
+-------------+-----+-----+------------+-----------------------------------------------------------------------------+--------------+
|  RTL Ports  | Dir | Bits|  Protocol  |                                Source Object                                |    C Type    |
+-------------+-----+-----+------------+-----------------------------------------------------------------------------+--------------+
|ap_clk       |   in|    1|  ap_ctrl_hs|  dense_latency<ap_fixed<16, 6, 5, 3, 0>, ap_fixed<37, 17, 5, 3, 0>, config7>|  return value|
|ap_rst       |   in|    1|  ap_ctrl_hs|  dense_latency<ap_fixed<16, 6, 5, 3, 0>, ap_fixed<37, 17, 5, 3, 0>, config7>|  return value|
|ap_return_0  |  out|   37|  ap_ctrl_hs|  dense_latency<ap_fixed<16, 6, 5, 3, 0>, ap_fixed<37, 17, 5, 3, 0>, config7>|  return value|
|ap_return_1  |  out|   37|  ap_ctrl_hs|  dense_latency<ap_fixed<16, 6, 5, 3, 0>, ap_fixed<37, 17, 5, 3, 0>, config7>|  return value|
|ap_return_2  |  out|   37|  ap_ctrl_hs|  dense_latency<ap_fixed<16, 6, 5, 3, 0>, ap_fixed<37, 17, 5, 3, 0>, config7>|  return value|
|ap_return_3  |  out|   37|  ap_ctrl_hs|  dense_latency<ap_fixed<16, 6, 5, 3, 0>, ap_fixed<37, 17, 5, 3, 0>, config7>|  return value|
|ap_return_4  |  out|   37|  ap_ctrl_hs|  dense_latency<ap_fixed<16, 6, 5, 3, 0>, ap_fixed<37, 17, 5, 3, 0>, config7>|  return value|
|ap_return_5  |  out|   37|  ap_ctrl_hs|  dense_latency<ap_fixed<16, 6, 5, 3, 0>, ap_fixed<37, 17, 5, 3, 0>, config7>|  return value|
|ap_return_6  |  out|   37|  ap_ctrl_hs|  dense_latency<ap_fixed<16, 6, 5, 3, 0>, ap_fixed<37, 17, 5, 3, 0>, config7>|  return value|
|ap_return_7  |  out|   37|  ap_ctrl_hs|  dense_latency<ap_fixed<16, 6, 5, 3, 0>, ap_fixed<37, 17, 5, 3, 0>, config7>|  return value|
|ap_return_8  |  out|   37|  ap_ctrl_hs|  dense_latency<ap_fixed<16, 6, 5, 3, 0>, ap_fixed<37, 17, 5, 3, 0>, config7>|  return value|
|ap_return_9  |  out|   37|  ap_ctrl_hs|  dense_latency<ap_fixed<16, 6, 5, 3, 0>, ap_fixed<37, 17, 5, 3, 0>, config7>|  return value|
|ap_ce        |   in|    1|  ap_ctrl_hs|  dense_latency<ap_fixed<16, 6, 5, 3, 0>, ap_fixed<37, 17, 5, 3, 0>, config7>|  return value|
|data_0_val   |   in|   16|     ap_none|                                                                   data_0_val|        scalar|
|data_1_val   |   in|   16|     ap_none|                                                                   data_1_val|        scalar|
|data_2_val   |   in|   16|     ap_none|                                                                   data_2_val|        scalar|
|data_3_val   |   in|   16|     ap_none|                                                                   data_3_val|        scalar|
|data_4_val   |   in|   16|     ap_none|                                                                   data_4_val|        scalar|
|data_5_val   |   in|   16|     ap_none|                                                                   data_5_val|        scalar|
|data_6_val   |   in|   16|     ap_none|                                                                   data_6_val|        scalar|
|data_7_val   |   in|   16|     ap_none|                                                                   data_7_val|        scalar|
|data_8_val   |   in|   16|     ap_none|                                                                   data_8_val|        scalar|
|data_9_val   |   in|   16|     ap_none|                                                                   data_9_val|        scalar|
|data_10_val  |   in|   16|     ap_none|                                                                  data_10_val|        scalar|
|data_11_val  |   in|   16|     ap_none|                                                                  data_11_val|        scalar|
|data_12_val  |   in|   16|     ap_none|                                                                  data_12_val|        scalar|
|data_13_val  |   in|   16|     ap_none|                                                                  data_13_val|        scalar|
|data_14_val  |   in|   16|     ap_none|                                                                  data_14_val|        scalar|
|data_15_val  |   in|   16|     ap_none|                                                                  data_15_val|        scalar|
+-------------+-----+-----+------------+-----------------------------------------------------------------------------+--------------+

